[1A[2K[2m[WebServer] [22m [33m[1m⚠[22m[39m Warning: Next.js inferred your workspace root, but it may not be correct.
[2m[WebServer] [22m We detected multiple lockfiles and selected the directory of /Users/kutubuddin/Downloads/Zenith/package-lock.json as the root directory.
[2m[WebServer] [22m To silence this warning, set `outputFileTracingRoot` in your Next.js config, or consider removing one of the lockfiles if it's not needed.
[2m[WebServer] [22m   See https://nextjs.org/docs/app/api-reference/config/next-config-js/output#caveats for more information.
[2m[WebServer] [22m Detected additional lockfiles: 
[2m[WebServer] [22m   * /Users/kutubuddin/Downloads/Zenith/frontend/package-lock.json
[2m[WebServer] [22m

[1A[2K[2m[WebServer] [22m(node:8167) Warning: `--localstorage-file` was provided without a valid path
[2m[WebServer] [22m(Use `node --trace-warnings ...` to show where the warning was created)


Running 3 tests using 3 workers

[1A[2K[1/3] [chromium] › e2e/smart-setup-ai.spec.ts:218:9 › Smart Setup (AI Mode) › AI should handle "Yes/No" conversation flow
[1A[2K[2/3] [chromium] › e2e/smart-setup-ai.spec.ts:138:9 › Smart Setup (AI Mode) › AI should handle specific number for team size
[1A[2K[3/3] [chromium] › e2e/smart-setup-ai.spec.ts:52:9 › Smart Setup (AI Mode) › AI should understand natural language and recommend template
[1A[2K[2m[WebServer] [22mReact does not recognize the `showPasswordToggle` prop on a DOM element. If you intentionally want it to appear in the DOM as a custom attribute, spell it as lowercase `showpasswordtoggle` instead. If you accidentally passed it from a parent component, remove it from the DOM element.

[1A[2K[chromium] › e2e/smart-setup-ai.spec.ts:138:9 › Smart Setup (AI Mode) › AI should handle specific number for team size
BROWSER LOG: Failed to load resource: the server responded with a status of 404 (Not Found)

[1A[2K[chromium] › e2e/smart-setup-ai.spec.ts:52:9 › Smart Setup (AI Mode) › AI should understand natural language and recommend template
BROWSER LOG: Failed to load resource: the server responded with a status of 404 (Not Found)

[1A[2K[chromium] › e2e/smart-setup-ai.spec.ts:218:9 › Smart Setup (AI Mode) › AI should handle "Yes/No" conversation flow
BROWSER LOG: Failed to load resource: the server responded with a status of 404 (Not Found)

[1A[2KBROWSER LOG: %cDownload the React DevTools for a better development experience: https://react.dev/link/react-devtools font-weight:bold

[1A[2K[chromium] › e2e/smart-setup-ai.spec.ts:52:9 › Smart Setup (AI Mode) › AI should understand natural language and recommend template
BROWSER LOG: %cDownload the React DevTools for a better development experience: https://react.dev/link/react-devtools font-weight:bold

[1A[2K[chromium] › e2e/smart-setup-ai.spec.ts:138:9 › Smart Setup (AI Mode) › AI should handle specific number for team size
BROWSER LOG: %cDownload the React DevTools for a better development experience: https://react.dev/link/react-devtools font-weight:bold

[1A[2KBROWSER LOG: React does not recognize the `%s` prop on a DOM element. If you intentionally want it to appear in the DOM as a custom attribute, spell it as lowercase `%s` instead. If you accidentally passed it from a parent component, remove it from the DOM element. showPasswordToggle showpasswordtoggle

[1A[2KBROWSER LOG: TypeError: Cannot read properties of undefined (reading 'restoreClient')
    at persistQueryClientRestore (webpack-internal:///(app-pages-browser)/./node_modules/@tanstack/query-persist-client-core/build/modern/persist.js:23:45)
    at PersistQueryClientProvider.useEffect (webpack-internal:///(app-pages-browser)/./node_modules/@tanstack/react-query-persist-client/build/modern/PersistQueryClientProvider.js:43:111)
    at Object.react_stack_bottom_frame (webpack-internal:///(app-pages-browser)/./node_modules/next/dist/compiled/react-dom/cjs/react-dom-client.development.js:23669:20)
    at runWithFiberInDEV (webpack-internal:///(app-pages-browser)/./node_modules/next/dist/compiled/react-dom/cjs/react-dom-client.development.js:872:30)
    at commitHookEffectListMount (webpack-internal:///(app-pages-browser)/./node_modules/next/dist/compiled/react-dom/cjs/react-dom-client.development.js:12345:29)
    at commitHookPassiveMountEffects (webpack-internal:///(app-pages-browser)/./node_modules/next/dist/compiled/react-dom/cjs/react-dom-client.development.js:12466:11)
    at commitPassiveMountOnFiber (webpack-internal:///(app-pages-browser)/./node_modules/next/dist/compiled/react-dom/cjs/react-dom-client.development.js:14387:13)
    at recursivelyTraversePassiveMountEffects (webpack-internal:///(app-pages-browser)/./node_modules/next/dist/compiled/react-dom/cjs/react-dom-client.development.js:14360:11)
    at commitPassiveMountOnFiber (webpack-internal:///(app-pages-browser)/./node_modules/next/dist/compiled/react-dom/cjs/react-dom-client.development.js:14380:11)
    at recursivelyTraversePassiveMountEffects (webpack-internal:///(app-pages-browser)/./node_modules/next/dist/compiled/react-dom/cjs/react-dom-client.development.js:14360:11)
    at commitPassiveMountOnFiber (webpack-internal:///(app-pages-browser)/./node_modules/next/dist/compiled/react-dom/cjs/react-dom-client.development.js:14514:11)
    at recursivelyTraversePassiveMountEffects (webpack-internal:///(app-pages-browser)/./node_modules/next/dist/compiled/react-dom/cjs/react-dom-client.development.js:14360:11)
    at commitPassiveMountOnFiber (webpack-internal:///(app-pages-browser)/./node_modules/next/dist/compiled/react-dom/cjs/react-dom-client.development.js:14380:11)
    at recursivelyTraversePassiveMountEffects (webpack-internal:///(app-pages-browser)/./node_modules/next/dist/compiled/react-dom/cjs/react-dom-client.development.js:14360:11)
    at commitPassiveMountOnFiber (webpack-internal:///(app-pages-browser)/./node_modules/next/dist/compiled/react-dom/cjs/react-dom-client.development.js:14514:11)
    at recursivelyTraversePassiveMountEffects (webpack-internal:///(app-pages-browser)/./node_modules/next/dist/compiled/react-dom/cjs/react-dom-client.development.js:14360:11)
    at commitPassiveMountOnFiber (webpack-internal:///(app-pages-browser)/./node_modules/next/dist/compiled/react-dom/cjs/react-dom-client.development.js:14380:11)
    at recursivelyTraversePassiveMountEffects (webpack-internal:///(app-pages-browser)/./node_modules/next/dist/compiled/react-dom/cjs/react-dom-client.development.js:14360:11)
    at commitPassiveMountOnFiber (webpack-internal:///(app-pages-browser)/./node_modules/next/dist/compiled/react-dom/cjs/react-dom-client.development.js:14514:11)
    at recursivelyTraversePassiveMountEffects (webpack-internal:///(app-pages-browser)/./node_modules/next/dist/compiled/react-dom/cjs/react-dom-client.development.js:14360:11)
    at commitPassiveMountOnFiber (webpack-internal:///(app-pages-browser)/./node_modules/next/dist/compiled/react-dom/cjs/react-dom-client.development.js:14380:11)
    at recursivelyTraversePassiveMountEffects (webpack-internal:///(app-pages-browser)/./node_modules/next/dist/compiled/react-dom/cjs/react-dom-client.development.js:14360:11)
    at commitPassiveMountOnFiber (webpack-internal:///(app-pages-browser)/./node_modules/next/dist/compiled/react-dom/cjs/react-dom-client.development.js:14514:11)
    at recursivelyTraversePassiveMountEffects (webpack-internal:///(app-pages-browser)/./node_modules/next/dist/compiled/react-dom/cjs/react-dom-client.development.js:14360:11)
    at commitPassiveMountOnFiber (webpack-internal:///(app-pages-browser)/./node_modules/next/dist/compiled/react-dom/cjs/react-dom-client.development.js:14380:11)
    at recursivelyTraversePassiveMountEffects (webpack-internal:///(app-pages-browser)/./node_modules/next/dist/compiled/react-dom/cjs/react-dom-client.development.js:14360:11)
    at commitPassiveMountOnFiber (webpack-internal:///(app-pages-browser)/./node_modules/next/dist/compiled/react-dom/cjs/react-dom-client.development.js:14514:11)
    at recursivelyTraversePassiveMountEffects (webpack-internal:///(app-pages-browser)/./node_modules/next/dist/compiled/react-dom/cjs/react-dom-client.development.js:14360:11)
    at commitPassiveMountOnFiber (webpack-internal:///(app-pages-browser)/./node_modules/next/dist/compiled/react-dom/cjs/react-dom-client.development.js:14380:11)
    at recursivelyTraversePassiveMountEffects (webpack-internal:///(app-pages-browser)/./node_modules/next/dist/compiled/react-dom/cjs/react-dom-client.development.js:14360:11)
    at commitPassiveMountOnFiber (webpack-internal:///(app-pages-browser)/./node_modules/next/dist/compiled/react-dom/cjs/react-dom-client.development.js:14380:11)
    at recursivelyTraversePassiveMountEffects (webpack-internal:///(app-pages-browser)/./node_modules/next/dist/compiled/react-dom/cjs/react-dom-client.development.js:14360:11)
    at commitPassiveMountOnFiber (webpack-internal:///(app-pages-browser)/./node_modules/next/dist/compiled/react-dom/cjs/react-dom-client.development.js:14514:11)
    at recursivelyTraversePassiveMountEffects (webpack-internal:///(app-pages-browser)/./node_modules/next/dist/compiled/react-dom/cjs/react-dom-client.development.js:14360:11)
    at commitPassiveMountOnFiber (webpack-internal:///(app-pages-browser)/./node_modules/next/dist/compiled/react-dom/cjs/react-dom-client.development.js:14514:11)
    at recursivelyTraversePassiveMountEffects (webpack-internal:///(app-pages-browser)/./node_modules/next/dist/compiled/react-dom/cjs/react-dom-client.development.js:14360:11)
    at commitPassiveMountOnFiber (webpack-internal:///(app-pages-browser)/./node_modules/next/dist/compiled/react-dom/cjs/react-dom-client.development.js:14514:11)
    at recursivelyTraversePassiveMountEffects (webpack-internal:///(app-pages-browser)/./node_modules/next/dist/compiled/react-dom/cjs/react-dom-client.development.js:14360:11)
    at commitPassiveMountOnFiber (webpack-internal:///(app-pages-browser)/./node_modules/next/dist/compiled/react-dom/cjs/react-dom-client.development.js:14380:11)
    at recursivelyTraversePassiveMountEffects (webpack-internal:///(app-pages-browser)/./node_modules/next/dist/compiled/react-dom/cjs/react-dom-client.development.js:14360:11)
    at commitPassiveMountOnFiber (webpack-internal:///(app-pages-browser)/./node_modules/next/dist/compiled/react-dom/cjs/react-dom-client.development.js:14380:11)
    at recursivelyTraversePassiveMountEffects (webpack-internal:///(app-pages-browser)/./node_modules/next/dist/compiled/react-dom/cjs/react-dom-client.development.js:14360:11)
    at commitPassiveMountOnFiber (webpack-internal:///(app-pages-browser)/./node_modules/next/dist/compiled/react-dom/cjs/react-dom-client.development.js:14390:11)
    at recursivelyTraversePassiveMountEffects (webpack-internal:///(app-pages-browser)/./node_modules/next/dist/compiled/react-dom/cjs/react-dom-client.development.js:14360:11)
    at commitPassiveMountOnFiber (webpack-internal:///(app-pages-browser)/./node_modules/next/dist/compiled/react-dom/cjs/react-dom-client.development.js:14380:11)
    at recursivelyTraversePassiveMountEffects (webpack-internal:///(app-pages-browser)/./node_modules/next/dist/compiled/react-dom/cjs/react-dom-client.development.js:14360:11)
    at commitPassiveMountOnFiber (webpack-internal:///(app-pages-browser)/./node_modules/next/dist/compiled/react-dom/cjs/react-dom-client.development.js:14390:11)
    at recursivelyTraversePassiveMountEffects (webpack-internal:///(app-pages-browser)/./node_modules/next/dist/compiled/react-dom/cjs/react-dom-client.development.js:14360:11)
    at commitPassiveMountOnFiber (webpack-internal:///(app-pages-browser)/./node_modules/next/dist/compiled/react-dom/cjs/react-dom-client.development.js:14380:11)
    at recursivelyTraversePassiveMountEffects (webpack-internal:///(app-pages-browser)/./node_modules/next/dist/compiled/react-dom/cjs/react-dom-client.development.js:14360:11)

[1A[2KBROWSER LOG: Encountered an error attempting to restore client cache from persisted location. As a precaution, the persisted cache will be discarded.

[1A[2K[chromium] › e2e/smart-setup-ai.spec.ts:218:9 › Smart Setup (AI Mode) › AI should handle "Yes/No" conversation flow
BROWSER LOG: React does not recognize the `%s` prop on a DOM element. If you intentionally want it to appear in the DOM as a custom attribute, spell it as lowercase `%s` instead. If you accidentally passed it from a parent component, remove it from the DOM element. showPasswordToggle showpasswordtoggle

[1A[2KBROWSER LOG: TypeError: Cannot read properties of undefined (reading 'restoreClient')
    at persistQueryClientRestore (webpack-internal:///(app-pages-browser)/./node_modules/@tanstack/query-persist-client-core/build/modern/persist.js:23:45)
    at PersistQueryClientProvider.useEffect (webpack-internal:///(app-pages-browser)/./node_modules/@tanstack/react-query-persist-client/build/modern/PersistQueryClientProvider.js:43:111)
    at Object.react_stack_bottom_frame (webpack-internal:///(app-pages-browser)/./node_modules/next/dist/compiled/react-dom/cjs/react-dom-client.development.js:23669:20)
    at runWithFiberInDEV (webpack-internal:///(app-pages-browser)/./node_modules/next/dist/compiled/react-dom/cjs/react-dom-client.development.js:872:30)
    at commitHookEffectListMount (webpack-internal:///(app-pages-browser)/./node_modules/next/dist/compiled/react-dom/cjs/react-dom-client.development.js:12345:29)
    at commitHookPassiveMountEffects (webpack-internal:///(app-pages-browser)/./node_modules/next/dist/compiled/react-dom/cjs/react-dom-client.development.js:12466:11)
    at commitPassiveMountOnFiber (webpack-internal:///(app-pages-browser)/./node_modules/next/dist/compiled/react-dom/cjs/react-dom-client.development.js:14387:13)
    at recursivelyTraversePassiveMountEffects (webpack-internal:///(app-pages-browser)/./node_modules/next/dist/compiled/react-dom/cjs/react-dom-client.development.js:14360:11)
    at commitPassiveMountOnFiber (webpack-internal:///(app-pages-browser)/./node_modules/next/dist/compiled/react-dom/cjs/react-dom-client.development.js:14380:11)
    at recursivelyTraversePassiveMountEffects (webpack-internal:///(app-pages-browser)/./node_modules/next/dist/compiled/react-dom/cjs/react-dom-client.development.js:14360:11)
    at commitPassiveMountOnFiber (webpack-internal:///(app-pages-browser)/./node_modules/next/dist/compiled/react-dom/cjs/react-dom-client.development.js:14514:11)
    at recursivelyTraversePassiveMountEffects (webpack-internal:///(app-pages-browser)/./node_modules/next/dist/compiled/react-dom/cjs/react-dom-client.development.js:14360:11)
    at commitPassiveMountOnFiber (webpack-internal:///(app-pages-browser)/./node_modules/next/dist/compiled/react-dom/cjs/react-dom-client.development.js:14380:11)
    at recursivelyTraversePassiveMountEffects (webpack-internal:///(app-pages-browser)/./node_modules/next/dist/compiled/react-dom/cjs/react-dom-client.development.js:14360:11)
    at commitPassiveMountOnFiber (webpack-internal:///(app-pages-browser)/./node_modules/next/dist/compiled/react-dom/cjs/react-dom-client.development.js:14514:11)
    at recursivelyTraversePassiveMountEffects (webpack-internal:///(app-pages-browser)/./node_modules/next/dist/compiled/react-dom/cjs/react-dom-client.development.js:14360:11)
    at commitPassiveMountOnFiber (webpack-internal:///(app-pages-browser)/./node_modules/next/dist/compiled/react-dom/cjs/react-dom-client.development.js:14380:11)
    at recursivelyTraversePassiveMountEffects (webpack-internal:///(app-pages-browser)/./node_modules/next/dist/compiled/react-dom/cjs/react-dom-client.development.js:14360:11)
    at commitPassiveMountOnFiber (webpack-internal:///(app-pages-browser)/./node_modules/next/dist/compiled/react-dom/cjs/react-dom-client.development.js:14514:11)
    at recursivelyTraversePassiveMountEffects (webpack-internal:///(app-pages-browser)/./node_modules/next/dist/compiled/react-dom/cjs/react-dom-client.development.js:14360:11)
    at commitPassiveMountOnFiber (webpack-internal:///(app-pages-browser)/./node_modules/next/dist/compiled/react-dom/cjs/react-dom-client.development.js:14380:11)
    at recursivelyTraversePassiveMountEffects (webpack-internal:///(app-pages-browser)/./node_modules/next/dist/compiled/react-dom/cjs/react-dom-client.development.js:14360:11)
    at commitPassiveMountOnFiber (webpack-internal:///(app-pages-browser)/./node_modules/next/dist/compiled/react-dom/cjs/react-dom-client.development.js:14514:11)
    at recursivelyTraversePassiveMountEffects (webpack-internal:///(app-pages-browser)/./node_modules/next/dist/compiled/react-dom/cjs/react-dom-client.development.js:14360:11)
    at commitPassiveMountOnFiber (webpack-internal:///(app-pages-browser)/./node_modules/next/dist/compiled/react-dom/cjs/react-dom-client.development.js:14380:11)
    at recursivelyTraversePassiveMountEffects (webpack-internal:///(app-pages-browser)/./node_modules/next/dist/compiled/react-dom/cjs/react-dom-client.development.js:14360:11)
    at commitPassiveMountOnFiber (webpack-internal:///(app-pages-browser)/./node_modules/next/dist/compiled/react-dom/cjs/react-dom-client.development.js:14514:11)
    at recursivelyTraversePassiveMountEffects (webpack-internal:///(app-pages-browser)/./node_modules/next/dist/compiled/react-dom/cjs/react-dom-client.development.js:14360:11)
    at commitPassiveMountOnFiber (webpack-internal:///(app-pages-browser)/./node_modules/next/dist/compiled/react-dom/cjs/react-dom-client.development.js:14380:11)
    at recursivelyTraversePassiveMountEffects (webpack-internal:///(app-pages-browser)/./node_modules/next/dist/compiled/react-dom/cjs/react-dom-client.development.js:14360:11)
    at commitPassiveMountOnFiber (webpack-internal:///(app-pages-browser)/./node_modules/next/dist/compiled/react-dom/cjs/react-dom-client.development.js:14380:11)
    at recursivelyTraversePassiveMountEffects (webpack-internal:///(app-pages-browser)/./node_modules/next/dist/compiled/react-dom/cjs/react-dom-client.development.js:14360:11)
    at commitPassiveMountOnFiber (webpack-internal:///(app-pages-browser)/./node_modules/next/dist/compiled/react-dom/cjs/react-dom-client.development.js:14514:11)
    at recursivelyTraversePassiveMountEffects (webpack-internal:///(app-pages-browser)/./node_modules/next/dist/compiled/react-dom/cjs/react-dom-client.development.js:14360:11)
    at commitPassiveMountOnFiber (webpack-internal:///(app-pages-browser)/./node_modules/next/dist/compiled/react-dom/cjs/react-dom-client.development.js:14514:11)
    at recursivelyTraversePassiveMountEffects (webpack-internal:///(app-pages-browser)/./node_modules/next/dist/compiled/react-dom/cjs/react-dom-client.development.js:14360:11)
    at commitPassiveMountOnFiber (webpack-internal:///(app-pages-browser)/./node_modules/next/dist/compiled/react-dom/cjs/react-dom-client.development.js:14514:11)
    at recursivelyTraversePassiveMountEffects (webpack-internal:///(app-pages-browser)/./node_modules/next/dist/compiled/react-dom/cjs/react-dom-client.development.js:14360:11)
    at commitPassiveMountOnFiber (webpack-internal:///(app-pages-browser)/./node_modules/next/dist/compiled/react-dom/cjs/react-dom-client.development.js:14380:11)
    at recursivelyTraversePassiveMountEffects (webpack-internal:///(app-pages-browser)/./node_modules/next/dist/compiled/react-dom/cjs/react-dom-client.development.js:14360:11)
    at commitPassiveMountOnFiber (webpack-internal:///(app-pages-browser)/./node_modules/next/dist/compiled/react-dom/cjs/react-dom-client.development.js:14380:11)
    at recursivelyTraversePassiveMountEffects (webpack-internal:///(app-pages-browser)/./node_modules/next/dist/compiled/react-dom/cjs/react-dom-client.development.js:14360:11)
    at commitPassiveMountOnFiber (webpack-internal:///(app-pages-browser)/./node_modules/next/dist/compiled/react-dom/cjs/react-dom-client.development.js:14390:11)
    at recursivelyTraversePassiveMountEffects (webpack-internal:///(app-pages-browser)/./node_modules/next/dist/compiled/react-dom/cjs/react-dom-client.development.js:14360:11)
    at commitPassiveMountOnFiber (webpack-internal:///(app-pages-browser)/./node_modules/next/dist/compiled/react-dom/cjs/react-dom-client.development.js:14380:11)
    at recursivelyTraversePassiveMountEffects (webpack-internal:///(app-pages-browser)/./node_modules/next/dist/compiled/react-dom/cjs/react-dom-client.development.js:14360:11)
    at commitPassiveMountOnFiber (webpack-internal:///(app-pages-browser)/./node_modules/next/dist/compiled/react-dom/cjs/react-dom-client.development.js:14390:11)
    at recursivelyTraversePassiveMountEffects (webpack-internal:///(app-pages-browser)/./node_modules/next/dist/compiled/react-dom/cjs/react-dom-client.development.js:14360:11)
    at commitPassiveMountOnFiber (webpack-internal:///(app-pages-browser)/./node_modules/next/dist/compiled/react-dom/cjs/react-dom-client.development.js:14380:11)
    at recursivelyTraversePassiveMountEffects (webpack-internal:///(app-pages-browser)/./node_modules/next/dist/compiled/react-dom/cjs/react-dom-client.development.js:14360:11)

[1A[2KBROWSER LOG: Encountered an error attempting to restore client cache from persisted location. As a precaution, the persisted cache will be discarded.

[1A[2K[chromium] › e2e/smart-setup-ai.spec.ts:52:9 › Smart Setup (AI Mode) › AI should understand natural language and recommend template
BROWSER LOG: React does not recognize the `%s` prop on a DOM element. If you intentionally want it to appear in the DOM as a custom attribute, spell it as lowercase `%s` instead. If you accidentally passed it from a parent component, remove it from the DOM element. showPasswordToggle showpasswordtoggle

[1A[2KBROWSER LOG: TypeError: Cannot read properties of undefined (reading 'restoreClient')
    at persistQueryClientRestore (webpack-internal:///(app-pages-browser)/./node_modules/@tanstack/query-persist-client-core/build/modern/persist.js:23:45)
    at PersistQueryClientProvider.useEffect (webpack-internal:///(app-pages-browser)/./node_modules/@tanstack/react-query-persist-client/build/modern/PersistQueryClientProvider.js:43:111)
    at Object.react_stack_bottom_frame (webpack-internal:///(app-pages-browser)/./node_modules/next/dist/compiled/react-dom/cjs/react-dom-client.development.js:23669:20)
    at runWithFiberInDEV (webpack-internal:///(app-pages-browser)/./node_modules/next/dist/compiled/react-dom/cjs/react-dom-client.development.js:872:30)
    at commitHookEffectListMount (webpack-internal:///(app-pages-browser)/./node_modules/next/dist/compiled/react-dom/cjs/react-dom-client.development.js:12345:29)
    at commitHookPassiveMountEffects (webpack-internal:///(app-pages-browser)/./node_modules/next/dist/compiled/react-dom/cjs/react-dom-client.development.js:12466:11)
    at commitPassiveMountOnFiber (webpack-internal:///(app-pages-browser)/./node_modules/next/dist/compiled/react-dom/cjs/react-dom-client.development.js:14387:13)
    at recursivelyTraversePassiveMountEffects (webpack-internal:///(app-pages-browser)/./node_modules/next/dist/compiled/react-dom/cjs/react-dom-client.development.js:14360:11)
    at commitPassiveMountOnFiber (webpack-internal:///(app-pages-browser)/./node_modules/next/dist/compiled/react-dom/cjs/react-dom-client.development.js:14380:11)
    at recursivelyTraversePassiveMountEffects (webpack-internal:///(app-pages-browser)/./node_modules/next/dist/compiled/react-dom/cjs/react-dom-client.development.js:14360:11)
    at commitPassiveMountOnFiber (webpack-internal:///(app-pages-browser)/./node_modules/next/dist/compiled/react-dom/cjs/react-dom-client.development.js:14514:11)
    at recursivelyTraversePassiveMountEffects (webpack-internal:///(app-pages-browser)/./node_modules/next/dist/compiled/react-dom/cjs/react-dom-client.development.js:14360:11)
    at commitPassiveMountOnFiber (webpack-internal:///(app-pages-browser)/./node_modules/next/dist/compiled/react-dom/cjs/react-dom-client.development.js:14380:11)
    at recursivelyTraversePassiveMountEffects (webpack-internal:///(app-pages-browser)/./node_modules/next/dist/compiled/react-dom/cjs/react-dom-client.development.js:14360:11)
    at commitPassiveMountOnFiber (webpack-internal:///(app-pages-browser)/./node_modules/next/dist/compiled/react-dom/cjs/react-dom-client.development.js:14514:11)
    at recursivelyTraversePassiveMountEffects (webpack-internal:///(app-pages-browser)/./node_modules/next/dist/compiled/react-dom/cjs/react-dom-client.development.js:14360:11)
    at commitPassiveMountOnFiber (webpack-internal:///(app-pages-browser)/./node_modules/next/dist/compiled/react-dom/cjs/react-dom-client.development.js:14380:11)
    at recursivelyTraversePassiveMountEffects (webpack-internal:///(app-pages-browser)/./node_modules/next/dist/compiled/react-dom/cjs/react-dom-client.development.js:14360:11)
    at commitPassiveMountOnFiber (webpack-internal:///(app-pages-browser)/./node_modules/next/dist/compiled/react-dom/cjs/react-dom-client.development.js:14514:11)
    at recursivelyTraversePassiveMountEffects (webpack-internal:///(app-pages-browser)/./node_modules/next/dist/compiled/react-dom/cjs/react-dom-client.development.js:14360:11)
    at commitPassiveMountOnFiber (webpack-internal:///(app-pages-browser)/./node_modules/next/dist/compiled/react-dom/cjs/react-dom-client.development.js:14380:11)
    at recursivelyTraversePassiveMountEffects (webpack-internal:///(app-pages-browser)/./node_modules/next/dist/compiled/react-dom/cjs/react-dom-client.development.js:14360:11)
    at commitPassiveMountOnFiber (webpack-internal:///(app-pages-browser)/./node_modules/next/dist/compiled/react-dom/cjs/react-dom-client.development.js:14514:11)
    at recursivelyTraversePassiveMountEffects (webpack-internal:///(app-pages-browser)/./node_modules/next/dist/compiled/react-dom/cjs/react-dom-client.development.js:14360:11)
    at commitPassiveMountOnFiber (webpack-internal:///(app-pages-browser)/./node_modules/next/dist/compiled/react-dom/cjs/react-dom-client.development.js:14380:11)
    at recursivelyTraversePassiveMountEffects (webpack-internal:///(app-pages-browser)/./node_modules/next/dist/compiled/react-dom/cjs/react-dom-client.development.js:14360:11)
    at commitPassiveMountOnFiber (webpack-internal:///(app-pages-browser)/./node_modules/next/dist/compiled/react-dom/cjs/react-dom-client.development.js:14514:11)
    at recursivelyTraversePassiveMountEffects (webpack-internal:///(app-pages-browser)/./node_modules/next/dist/compiled/react-dom/cjs/react-dom-client.development.js:14360:11)
    at commitPassiveMountOnFiber (webpack-internal:///(app-pages-browser)/./node_modules/next/dist/compiled/react-dom/cjs/react-dom-client.development.js:14380:11)
    at recursivelyTraversePassiveMountEffects (webpack-internal:///(app-pages-browser)/./node_modules/next/dist/compiled/react-dom/cjs/react-dom-client.development.js:14360:11)
    at commitPassiveMountOnFiber (webpack-internal:///(app-pages-browser)/./node_modules/next/dist/compiled/react-dom/cjs/react-dom-client.development.js:14380:11)
    at recursivelyTraversePassiveMountEffects (webpack-internal:///(app-pages-browser)/./node_modules/next/dist/compiled/react-dom/cjs/react-dom-client.development.js:14360:11)
    at commitPassiveMountOnFiber (webpack-internal:///(app-pages-browser)/./node_modules/next/dist/compiled/react-dom/cjs/react-dom-client.development.js:14514:11)
    at recursivelyTraversePassiveMountEffects (webpack-internal:///(app-pages-browser)/./node_modules/next/dist/compiled/react-dom/cjs/react-dom-client.development.js:14360:11)
    at commitPassiveMountOnFiber (webpack-internal:///(app-pages-browser)/./node_modules/next/dist/compiled/react-dom/cjs/react-dom-client.development.js:14514:11)
    at recursivelyTraversePassiveMountEffects (webpack-internal:///(app-pages-browser)/./node_modules/next/dist/compiled/react-dom/cjs/react-dom-client.development.js:14360:11)
    at commitPassiveMountOnFiber (webpack-internal:///(app-pages-browser)/./node_modules/next/dist/compiled/react-dom/cjs/react-dom-client.development.js:14514:11)
    at recursivelyTraversePassiveMountEffects (webpack-internal:///(app-pages-browser)/./node_modules/next/dist/compiled/react-dom/cjs/react-dom-client.development.js:14360:11)
    at commitPassiveMountOnFiber (webpack-internal:///(app-pages-browser)/./node_modules/next/dist/compiled/react-dom/cjs/react-dom-client.development.js:14380:11)
    at recursivelyTraversePassiveMountEffects (webpack-internal:///(app-pages-browser)/./node_modules/next/dist/compiled/react-dom/cjs/react-dom-client.development.js:14360:11)
    at commitPassiveMountOnFiber (webpack-internal:///(app-pages-browser)/./node_modules/next/dist/compiled/react-dom/cjs/react-dom-client.development.js:14380:11)
    at recursivelyTraversePassiveMountEffects (webpack-internal:///(app-pages-browser)/./node_modules/next/dist/compiled/react-dom/cjs/react-dom-client.development.js:14360:11)
    at commitPassiveMountOnFiber (webpack-internal:///(app-pages-browser)/./node_modules/next/dist/compiled/react-dom/cjs/react-dom-client.development.js:14390:11)
    at recursivelyTraversePassiveMountEffects (webpack-internal:///(app-pages-browser)/./node_modules/next/dist/compiled/react-dom/cjs/react-dom-client.development.js:14360:11)
    at commitPassiveMountOnFiber (webpack-internal:///(app-pages-browser)/./node_modules/next/dist/compiled/react-dom/cjs/react-dom-client.development.js:14380:11)
    at recursivelyTraversePassiveMountEffects (webpack-internal:///(app-pages-browser)/./node_modules/next/dist/compiled/react-dom/cjs/react-dom-client.development.js:14360:11)
    at commitPassiveMountOnFiber (webpack-internal:///(app-pages-browser)/./node_modules/next/dist/compiled/react-dom/cjs/react-dom-client.development.js:14390:11)
    at recursivelyTraversePassiveMountEffects (webpack-internal:///(app-pages-browser)/./node_modules/next/dist/compiled/react-dom/cjs/react-dom-client.development.js:14360:11)
    at commitPassiveMountOnFiber (webpack-internal:///(app-pages-browser)/./node_modules/next/dist/compiled/react-dom/cjs/react-dom-client.development.js:14380:11)
    at recursivelyTraversePassiveMountEffects (webpack-internal:///(app-pages-browser)/./node_modules/next/dist/compiled/react-dom/cjs/react-dom-client.development.js:14360:11)

[1A[2KBROWSER LOG: Encountered an error attempting to restore client cache from persisted location. As a precaution, the persisted cache will be discarded.

[1A[2K[chromium] › e2e/smart-setup-ai.spec.ts:138:9 › Smart Setup (AI Mode) › AI should handle specific number for team size
BROWSER LOG: Failed to load resource: the server responded with a status of 401 (Unauthorized)

[1A[2K[chromium] › e2e/smart-setup-ai.spec.ts:52:9 › Smart Setup (AI Mode) › AI should understand natural language and recommend template
BROWSER LOG: Failed to load resource: the server responded with a status of 401 (Unauthorized)

[1A[2KBROWSER LOG: Failed to fetch user data: Error: {"success":false,"statusCode":401,"message":"Unauthorized","data":null,"meta":{"details":{"message":"Unauthorized","statusCode":401}},"timestamp":"2025-12-12T05:52:18.835Z"}
    at apiFetch (webpack-internal:///(app-pages-browser)/./src/lib/fetcher.ts:17:24)
    at async fetchUserData (webpack-internal:///(app-pages-browser)/./src/context/AuthContext.tsx:33:30)

[1A[2K[chromium] › e2e/smart-setup-ai.spec.ts:218:9 › Smart Setup (AI Mode) › AI should handle "Yes/No" conversation flow
BROWSER LOG: Failed to load resource: the server responded with a status of 401 (Unauthorized)

[1A[2KBROWSER LOG: Failed to fetch user data: Error: {"success":false,"statusCode":401,"message":"Unauthorized","data":null,"meta":{"details":{"message":"Unauthorized","statusCode":401}},"timestamp":"2025-12-12T05:52:18.827Z"}
    at apiFetch (webpack-internal:///(app-pages-browser)/./src/lib/fetcher.ts:17:24)
    at async fetchUserData (webpack-internal:///(app-pages-browser)/./src/context/AuthContext.tsx:33:30)

[1A[2K[chromium] › e2e/smart-setup-ai.spec.ts:138:9 › Smart Setup (AI Mode) › AI should handle specific number for team size
BROWSER LOG: Failed to fetch user data: Error: {"success":false,"statusCode":401,"message":"Unauthorized","data":null,"meta":{"details":{"message":"Unauthorized","statusCode":401}},"timestamp":"2025-12-12T05:52:18.833Z"}
    at apiFetch (webpack-internal:///(app-pages-browser)/./src/lib/fetcher.ts:17:24)
    at async fetchUserData (webpack-internal:///(app-pages-browser)/./src/context/AuthContext.tsx:33:30)

[1A[2KClicking Create Workspace...

[1A[2KWaiting for URL /projects...

[1A[2K[chromium] › e2e/smart-setup-ai.spec.ts:218:9 › Smart Setup (AI Mode) › AI should handle "Yes/No" conversation flow
Clicking Create Workspace...

[1A[2K[chromium] › e2e/smart-setup-ai.spec.ts:52:9 › Smart Setup (AI Mode) › AI should understand natural language and recommend template
Clicking Create Workspace...

[1A[2K[chromium] › e2e/smart-setup-ai.spec.ts:218:9 › Smart Setup (AI Mode) › AI should handle "Yes/No" conversation flow
Waiting for URL /projects...

[1A[2K[chromium] › e2e/smart-setup-ai.spec.ts:52:9 › Smart Setup (AI Mode) › AI should understand natural language and recommend template
Waiting for URL /projects...

[1A[2K[chromium] › e2e/smart-setup-ai.spec.ts:138:9 › Smart Setup (AI Mode) › AI should handle specific number for team size
BROWSER LOG: Login successful, setting user data: {id: 0f6da480-4e64-4b66-bfc7-e483ce58c0bd, email: ai-test-1765518736977-4di33r@example.com, name: AI Test User, isSuperAdmin: true, organizationId: d860f0a9-c8b4-4091-a90a-aee91c5e2541}

[1A[2KBROWSER LOG: Failed to load resource: the server responded with a status of 401 (Unauthorized)

[1A[2K[chromium] › e2e/smart-setup-ai.spec.ts:218:9 › Smart Setup (AI Mode) › AI should handle "Yes/No" conversation flow
BROWSER LOG: Login successful, setting user data: {id: 66beb425-c7f8-4f6e-89bd-54c56837fea6, email: ai-test-1765518736977-yzdywe@example.com, name: AI Test User, isSuperAdmin: true, organizationId: 38ed02b4-19df-4ce9-804e-8fddf9ba907f}

[1A[2K[chromium] › e2e/smart-setup-ai.spec.ts:52:9 › Smart Setup (AI Mode) › AI should understand natural language and recommend template
BROWSER LOG: Login successful, setting user data: {id: c5a6ae9f-d9c1-451d-8d0f-2c6bbc843ef3, email: ai-test-1765518736977-rb05fb@example.com, name: AI Test User, isSuperAdmin: true, organizationId: 0dbfff01-b6e0-4ebd-bffa-a6c08c4a034f}

[1A[2K[chromium] › e2e/smart-setup-ai.spec.ts:138:9 › Smart Setup (AI Mode) › AI should handle specific number for team size
BROWSER LOG: Failed to fetch user data: Error: {"success":false,"statusCode":401,"message":"Unauthorized","data":null,"meta":{"details":{"message":"Unauthorized","statusCode":401}},"timestamp":"2025-12-12T05:52:21.997Z"}
    at apiFetch (webpack-internal:///(app-pages-browser)/./src/lib/fetcher.ts:17:24)
    at async fetchUserData (webpack-internal:///(app-pages-browser)/./src/context/AuthContext.tsx:33:30)

[1A[2K[chromium] › e2e/smart-setup-ai.spec.ts:218:9 › Smart Setup (AI Mode) › AI should handle "Yes/No" conversation flow
BROWSER LOG: Failed to load resource: the server responded with a status of 401 (Unauthorized)

[1A[2KBROWSER LOG: Failed to fetch user data: Error: {"success":false,"statusCode":401,"message":"Unauthorized","data":null,"meta":{"details":{"message":"Unauthorized","statusCode":401}},"timestamp":"2025-12-12T05:52:22.020Z"}
    at apiFetch (webpack-internal:///(app-pages-browser)/./src/lib/fetcher.ts:17:24)
    at async fetchUserData (webpack-internal:///(app-pages-browser)/./src/context/AuthContext.tsx:33:30)

[1A[2K[chromium] › e2e/smart-setup-ai.spec.ts:52:9 › Smart Setup (AI Mode) › AI should understand natural language and recommend template
BROWSER LOG: Failed to load resource: the server responded with a status of 401 (Unauthorized)

[1A[2KBROWSER LOG: Failed to fetch user data: Error: {"success":false,"statusCode":401,"message":"Unauthorized","data":null,"meta":{"details":{"message":"Unauthorized","statusCode":401}},"timestamp":"2025-12-12T05:52:22.018Z"}
    at apiFetch (webpack-internal:///(app-pages-browser)/./src/lib/fetcher.ts:17:24)
    at async fetchUserData (webpack-internal:///(app-pages-browser)/./src/context/AuthContext.tsx:33:30)

[1A[2KBROWSER LOG: [Fast Refresh] rebuilding

[1A[2K[chromium] › e2e/smart-setup-ai.spec.ts:218:9 › Smart Setup (AI Mode) › AI should handle "Yes/No" conversation flow
BROWSER LOG: [Fast Refresh] rebuilding

[1A[2K[chromium] › e2e/smart-setup-ai.spec.ts:138:9 › Smart Setup (AI Mode) › AI should handle specific number for team size
BROWSER LOG: [Fast Refresh] rebuilding

[1A[2KBROWSER LOG: [Fast Refresh] done in 1344ms

[1A[2K[chromium] › e2e/smart-setup-ai.spec.ts:218:9 › Smart Setup (AI Mode) › AI should handle "Yes/No" conversation flow
BROWSER LOG: [Fast Refresh] done in 1346ms

[1A[2K[chromium] › e2e/smart-setup-ai.spec.ts:52:9 › Smart Setup (AI Mode) › AI should understand natural language and recommend template
BROWSER LOG: [Fast Refresh] done in 1343ms

[1A[2K[chromium] › e2e/smart-setup-ai.spec.ts:138:9 › Smart Setup (AI Mode) › AI should handle specific number for team size
Navigation to /projects successful

[1A[2K[chromium] › e2e/smart-setup-ai.spec.ts:52:9 › Smart Setup (AI Mode) › AI should understand natural language and recommend template
Navigation to /projects successful

[1A[2KBROWSER LOG: ProtectedRoute state: {user: null, token: null, loading: false}

[1A[2KBROWSER LOG: ProtectedRoute state: {user: null, token: null, loading: false}

[1A[2K[chromium] › e2e/smart-setup-ai.spec.ts:218:9 › Smart Setup (AI Mode) › AI should handle "Yes/No" conversation flow
Navigation to /projects successful

[1A[2KBROWSER LOG: ProtectedRoute state: {user: null, token: null, loading: false}

[1A[2KBROWSER LOG: ProtectedRoute state: {user: null, token: null, loading: false}

[1A[2K[chromium] › e2e/smart-setup-ai.spec.ts:138:9 › Smart Setup (AI Mode) › AI should handle specific number for team size
BROWSER LOG: ProtectedRoute state: {user: null, token: null, loading: false}

[1A[2KBROWSER LOG: ProtectedRoute state: {user: null, token: null, loading: false}

[1A[2K[chromium] › e2e/smart-setup-ai.spec.ts:218:9 › Smart Setup (AI Mode) › AI should handle "Yes/No" conversation flow
BROWSER LOG: [Fast Refresh] rebuilding

[1A[2K[chromium] › e2e/smart-setup-ai.spec.ts:138:9 › Smart Setup (AI Mode) › AI should handle specific number for team size
BROWSER LOG: [Fast Refresh] rebuilding

[1A[2K[chromium] › e2e/smart-setup-ai.spec.ts:52:9 › Smart Setup (AI Mode) › AI should understand natural language and recommend template
BROWSER LOG: [Fast Refresh] rebuilding

[1A[2K[chromium] › e2e/smart-setup-ai.spec.ts:138:9 › Smart Setup (AI Mode) › AI should handle specific number for team size
BROWSER LOG: [Fast Refresh] done in 283ms

[1A[2K[chromium] › e2e/smart-setup-ai.spec.ts:52:9 › Smart Setup (AI Mode) › AI should understand natural language and recommend template
BROWSER LOG: [Fast Refresh] done in 283ms

[1A[2K[chromium] › e2e/smart-setup-ai.spec.ts:218:9 › Smart Setup (AI Mode) › AI should handle "Yes/No" conversation flow
BROWSER LOG: [Fast Refresh] done in 284ms

[1A[2K  1) [chromium] › e2e/smart-setup-ai.spec.ts:52:9 › Smart Setup (AI Mode) › AI should understand natural language and recommend template 

    Error: [2mexpect([22m[31mlocator[39m[2m).[22mtoBeVisible[2m([22m[2m)[22m failed

    Locator: locator('text=projects found').or(locator('text=Create New Project'))
    Expected: visible
    Timeout: 10000ms
    Error: element(s) not found

    Call log:
    [2m  - Expect "toBeVisible" with timeout 10000ms[22m
    [2m  - waiting for locator('text=projects found').or(locator('text=Create New Project'))[22m


      47 |
      48 |         // Wait for Loading to finish (Projects skeleton)
    > 49 |         await expect(page.locator('text=projects found').or(page.locator('text=Create New Project'))).toBeVisible({ timeout: 10000 });
         |                                                                                                       ^
      50 |     });
      51 |
      52 |     test('AI should understand natural language and recommend template', async ({ page }) => {
        at /Users/kutubuddin/Downloads/Zenith/frontend/e2e/smart-setup-ai.spec.ts:49:103

    Error Context: test-results/smart-setup-ai-Smart-Setup-98373-uage-and-recommend-template-chromium/error-context.md


[1A[2K  2) [chromium] › e2e/smart-setup-ai.spec.ts:218:9 › Smart Setup (AI Mode) › AI should handle "Yes/No" conversation flow 

    Error: [2mexpect([22m[31mlocator[39m[2m).[22mtoBeVisible[2m([22m[2m)[22m failed

    Locator: locator('text=projects found').or(locator('text=Create New Project'))
    Expected: visible
    Timeout: 10000ms
    Error: element(s) not found

    Call log:
    [2m  - Expect "toBeVisible" with timeout 10000ms[22m
    [2m  - waiting for locator('text=projects found').or(locator('text=Create New Project'))[22m


      47 |
      48 |         // Wait for Loading to finish (Projects skeleton)
    > 49 |         await expect(page.locator('text=projects found').or(page.locator('text=Create New Project'))).toBeVisible({ timeout: 10000 });
         |                                                                                                       ^
      50 |     });
      51 |
      52 |     test('AI should understand natural language and recommend template', async ({ page }) => {
        at /Users/kutubuddin/Downloads/Zenith/frontend/e2e/smart-setup-ai.spec.ts:49:103

    Error Context: test-results/smart-setup-ai-Smart-Setup-30f87-le-Yes-No-conversation-flow-chromium/error-context.md


[1A[2K  3) [chromium] › e2e/smart-setup-ai.spec.ts:138:9 › Smart Setup (AI Mode) › AI should handle specific number for team size 

    Error: [2mexpect([22m[31mlocator[39m[2m).[22mtoBeVisible[2m([22m[2m)[22m failed

    Locator: locator('text=projects found').or(locator('text=Create New Project'))
    Expected: visible
    Timeout: 10000ms
    Error: element(s) not found

    Call log:
    [2m  - Expect "toBeVisible" with timeout 10000ms[22m
    [2m  - waiting for locator('text=projects found').or(locator('text=Create New Project'))[22m


      47 |
      48 |         // Wait for Loading to finish (Projects skeleton)
    > 49 |         await expect(page.locator('text=projects found').or(page.locator('text=Create New Project'))).toBeVisible({ timeout: 10000 });
         |                                                                                                       ^
      50 |     });
      51 |
      52 |     test('AI should understand natural language and recommend template', async ({ page }) => {
        at /Users/kutubuddin/Downloads/Zenith/frontend/e2e/smart-setup-ai.spec.ts:49:103

    Error Context: test-results/smart-setup-ai-Smart-Setup-dcaad-ecific-number-for-team-size-chromium/error-context.md


[1A[2K  3 failed
    [chromium] › e2e/smart-setup-ai.spec.ts:52:9 › Smart Setup (AI Mode) › AI should understand natural language and recommend template 
    [chromium] › e2e/smart-setup-ai.spec.ts:138:9 › Smart Setup (AI Mode) › AI should handle specific number for team size 
    [chromium] › e2e/smart-setup-ai.spec.ts:218:9 › Smart Setup (AI Mode) › AI should handle "Yes/No" conversation flow 

[36m  Serving HTML report at http://localhost:62010. Press Ctrl+C to quit.[39m
